Mar-31 17:10:34.388 [main] DEBUG nextflow.cli.Launcher - $> nextflow -c nextflow.config run ../MASRES/main.nf --reads_csv samplesheet3.csv --outdir results_short --mode short -resume
Mar-31 17:10:34.510 [main] DEBUG nextflow.cli.CmdRun - N E X T F L O W  ~  version 25.10.4
Mar-31 17:10:34.525 [main] DEBUG nextflow.plugin.PluginsFacade - Setting up plugin manager > mode=prod; embedded=false; plugins-dir=/home/mgeramim/.nextflow/plugins; core-plugins: nf-amazon@3.4.4,nf-azure@1.20.2,nf-cloudcache@0.5.0,nf-codecommit@0.5.0,nf-console@1.3.0,nf-google@1.23.5,nf-k8s@1.2.2,nf-tower@1.17.5,nf-wave@1.16.1
Mar-31 17:10:34.548 [main] INFO  o.pf4j.DefaultPluginStatusProvider - Enabled plugins: []
Mar-31 17:10:34.548 [main] INFO  o.pf4j.DefaultPluginStatusProvider - Disabled plugins: []
Mar-31 17:10:34.550 [main] INFO  org.pf4j.DefaultPluginManager - PF4J version 3.12.0 in 'deployment' mode
Mar-31 17:10:34.573 [main] DEBUG nextflow.util.RetryConfig - Missing nextflow session - using default retry config
Mar-31 17:10:34.690 [main] INFO  org.pf4j.AbstractPluginManager - No plugins
Mar-31 17:10:34.708 [main] DEBUG nextflow.config.ConfigBuilder - Found config local: /media/mgeramim/DATA/mgeramim_work/first_step/MASRES/nextflow.config
Mar-31 17:10:34.710 [main] DEBUG nextflow.config.ConfigBuilder - User config file: /media/mgeramim/DATA/mgeramim_work/first_step/MASRES/nextflow.config
Mar-31 17:10:34.711 [main] DEBUG nextflow.config.ConfigBuilder - Parsing config file: /media/mgeramim/DATA/mgeramim_work/first_step/MASRES/nextflow.config
Mar-31 17:10:34.711 [main] DEBUG nextflow.config.ConfigBuilder - Parsing config file: /media/mgeramim/DATA/mgeramim_work/first_step/MASRES/nextflow.config
Mar-31 17:10:34.727 [main] DEBUG nextflow.config.ConfigBuilder - Applying config profile: `standard`
Mar-31 17:10:35.387 [main] DEBUG nextflow.config.ConfigBuilder - Applying config profile: `standard`
Mar-31 17:10:35.572 [main] DEBUG nextflow.plugin.PluginsFacade - Plugins default=[]
Mar-31 17:10:35.572 [main] DEBUG nextflow.plugin.PluginsFacade - Plugins resolved requirement=[]
Mar-31 17:10:35.584 [main] DEBUG n.secret.LocalSecretsProvider - Secrets store: /home/mgeramim/.nextflow/secrets/store.json
Mar-31 17:10:35.586 [main] DEBUG nextflow.secret.SecretsLoader - Discovered secrets providers: [nextflow.secret.LocalSecretsProvider@37b01ce2] - activable => nextflow.secret.LocalSecretsProvider@37b01ce2
Mar-31 17:10:35.587 [main] DEBUG nextflow.cli.CmdRun - Applied DSL=2 from script declaration
Mar-31 17:10:35.596 [main] DEBUG nextflow.cli.CmdRun - Launching `../MASRES/main.nf` [gigantic_einstein] DSL2 - revision: 69ed7a4802
Mar-31 17:10:35.631 [main] DEBUG nextflow.Session - Session UUID: a96286ae-a0e7-4920-830b-c3d94d7d64ca
Mar-31 17:10:35.631 [main] DEBUG nextflow.Session - Run name: gigantic_einstein
Mar-31 17:10:35.632 [main] DEBUG nextflow.Session - Executor pool size: 12
Mar-31 17:10:35.638 [main] DEBUG nextflow.file.FilePorter - File porter settings maxRetries=3; maxTransfers=50; pollTimeout=null
Mar-31 17:10:35.640 [main] DEBUG nextflow.util.ThreadPoolBuilder - Creating thread pool 'FileTransfer' minSize=10; maxSize=36; workQueue=LinkedBlockingQueue[-1]; allowCoreThreadTimeout=false
Mar-31 17:10:35.659 [main] DEBUG nextflow.cli.CmdRun - 
  Version: 25.10.4 build 11173
  Created: 10-02-2026 15:17 UTC (16:17 CEST)
  System: Linux 6.8.0-106-generic
  Runtime: Groovy 4.0.28 on OpenJDK 64-Bit Server VM 23.0.2-internal-adhoc.conda.src
  Encoding: UTF-8 (UTF-8)
  Process: 726691@hos70874 [155.105.139.62]
  CPUs: 12 - Mem: 62.5 GB (928.7 MB) - Swap: 8 GB (6 GB)
Mar-31 17:10:35.677 [main] DEBUG nextflow.Session - Work-dir: /media/mgeramim/DATA/mgeramim_work/first_step/MASRES/work [ext2/ext3]
Mar-31 17:10:35.695 [main] DEBUG nextflow.executor.ExecutorFactory - Extension executors providers=[]
Mar-31 17:10:35.701 [main] DEBUG nextflow.Session - Observer factory (v2): LinObserverFactory
Mar-31 17:10:35.703 [main] DEBUG nextflow.Session - Observer factory (v2): DefaultObserverFactory
Mar-31 17:10:35.727 [main] DEBUG nextflow.cache.CacheFactory - Using Nextflow cache factory: nextflow.cache.DefaultCacheFactory
Mar-31 17:10:35.734 [main] DEBUG nextflow.util.CustomThreadPool - Creating default thread pool > poolSize: 13; maxThreads: 1000
Mar-31 17:10:35.883 [main] DEBUG nextflow.Session - Session start
Mar-31 17:10:35.971 [main] DEBUG nextflow.script.ScriptRunner - > Launching execution
Mar-31 17:10:36.342 [main] WARN  nextflow.script.ScriptBinding - Access to undefined parameter `enable_conda` -- Initialise it to a default value eg. `params.enable_conda = some_value`
Mar-31 17:10:38.045 [main] DEBUG n.script.dsl.ProcessConfigBuilder - Config settings `withLabel:process_medium` matches labels `process_medium` for process with name flexAMR:SHORT:FASTP
Mar-31 17:10:38.047 [main] DEBUG n.script.dsl.ProcessConfigBuilder - Config settings `withName:FASTP` matches process flexAMR:SHORT:FASTP
Mar-31 17:10:38.049 [main] DEBUG nextflow.executor.ExecutorFactory - << taskConfig executor: null
Mar-31 17:10:38.050 [main] DEBUG nextflow.executor.ExecutorFactory - >> processorType: 'local'
Mar-31 17:10:38.056 [main] DEBUG nextflow.executor.Executor - [warm up] executor > local
Mar-31 17:10:38.061 [main] DEBUG n.processor.LocalPollingMonitor - Creating local task monitor for executor 'local' > cpus=60; memory=232 GB; capacity=12; pollInterval=100ms; dumpInterval=5m
Mar-31 17:10:38.062 [main] DEBUG n.processor.TaskPollingMonitor - >>> barrier register (monitor: local)
Mar-31 17:10:38.074 [main] DEBUG nextflow.processor.TaskProcessor - Creating process 'flexAMR:SHORT:FASTP': maxForks=0; fair=false; array=0
Mar-31 17:10:38.092 [main] DEBUG n.script.dsl.ProcessConfigBuilder - Config settings `withLabel:process_medium` matches labels `process_medium` for process with name flexAMR:SHORT:FASTQC
Mar-31 17:10:38.092 [main] DEBUG n.script.dsl.ProcessConfigBuilder - Config settings `withName:FASTQC` matches process flexAMR:SHORT:FASTQC
Mar-31 17:10:38.093 [main] DEBUG nextflow.executor.ExecutorFactory - << taskConfig executor: null
Mar-31 17:10:38.093 [main] DEBUG nextflow.executor.ExecutorFactory - >> processorType: 'local'
Mar-31 17:10:38.094 [main] DEBUG nextflow.processor.TaskProcessor - Creating process 'flexAMR:SHORT:FASTQC': maxForks=0; fair=false; array=0
Mar-31 17:10:38.097 [main] DEBUG n.script.dsl.ProcessConfigBuilder - Config settings `withLabel:process_high` matches labels `process_high` for process with name flexAMR:SHORT:UNICYCLER
Mar-31 17:10:38.098 [main] DEBUG n.script.dsl.ProcessConfigBuilder - Config settings `withName:UNICYCLER` matches process flexAMR:SHORT:UNICYCLER
Mar-31 17:10:38.099 [main] DEBUG nextflow.executor.ExecutorFactory - << taskConfig executor: null
Mar-31 17:10:38.099 [main] DEBUG nextflow.executor.ExecutorFactory - >> processorType: 'local'
Mar-31 17:10:38.099 [main] DEBUG nextflow.processor.TaskProcessor - Creating process 'flexAMR:SHORT:UNICYCLER': maxForks=0; fair=false; array=0
Mar-31 17:10:38.104 [main] DEBUG nextflow.executor.ExecutorFactory - << taskConfig executor: null
Mar-31 17:10:38.104 [main] DEBUG nextflow.executor.ExecutorFactory - >> processorType: 'local'
Mar-31 17:10:38.104 [main] DEBUG nextflow.processor.TaskProcessor - Creating process 'flexAMR:SHORT:ASSEMBLY_HEADER_FORMAT': maxForks=0; fair=false; array=0
Mar-31 17:10:38.108 [main] DEBUG n.script.dsl.ProcessConfigBuilder - Config settings `withLabel:process_medium` matches labels `process_medium` for process with name flexAMR:SHORT:QUAST
Mar-31 17:10:38.108 [main] DEBUG n.script.dsl.ProcessConfigBuilder - Config settings `withName:QUAST` matches process flexAMR:SHORT:QUAST
Mar-31 17:10:38.109 [main] DEBUG nextflow.executor.ExecutorFactory - << taskConfig executor: null
Mar-31 17:10:38.109 [main] DEBUG nextflow.executor.ExecutorFactory - >> processorType: 'local'
Mar-31 17:10:38.109 [main] DEBUG nextflow.processor.TaskProcessor - Creating process 'flexAMR:SHORT:QUAST': maxForks=0; fair=false; array=0
Mar-31 17:10:38.113 [main] DEBUG n.script.dsl.ProcessConfigBuilder - Config settings `withLabel:process_high` matches labels `process_high` for process with name flexAMR:SHORT:CENTRIFUGE_CENTRIFUGE
Mar-31 17:10:38.113 [main] DEBUG n.script.dsl.ProcessConfigBuilder - Config settings `withName:CENTRIFUGE_CENTRIFUGE` matches process flexAMR:SHORT:CENTRIFUGE_CENTRIFUGE
Mar-31 17:10:38.114 [main] DEBUG nextflow.executor.ExecutorFactory - << taskConfig executor: null
Mar-31 17:10:38.114 [main] DEBUG nextflow.executor.ExecutorFactory - >> processorType: 'local'
Mar-31 17:10:38.115 [main] DEBUG nextflow.processor.TaskProcessor - Creating process 'flexAMR:SHORT:CENTRIFUGE_CENTRIFUGE': maxForks=0; fair=false; array=0
Mar-31 17:10:38.119 [main] DEBUG nextflow.executor.ExecutorFactory - << taskConfig executor: null
Mar-31 17:10:38.120 [main] DEBUG nextflow.executor.ExecutorFactory - >> processorType: 'local'
Mar-31 17:10:38.120 [main] DEBUG nextflow.processor.TaskProcessor - Creating process 'flexAMR:SHORT:CENTRIFUGE_KREPORT': maxForks=0; fair=false; array=0
Mar-31 17:10:38.127 [main] DEBUG n.script.dsl.ProcessConfigBuilder - Config settings `withLabel:process_low` matches labels `process_low` for process with name flexAMR:SHORT:DEPTH
Mar-31 17:10:38.128 [main] DEBUG nextflow.executor.ExecutorFactory - << taskConfig executor: null
Mar-31 17:10:38.128 [main] DEBUG nextflow.executor.ExecutorFactory - >> processorType: 'local'
Mar-31 17:10:38.128 [main] DEBUG nextflow.processor.TaskProcessor - Creating process 'flexAMR:SHORT:DEPTH': maxForks=0; fair=false; array=0
Mar-31 17:10:38.131 [main] DEBUG n.script.dsl.ProcessConfigBuilder - Config settings `withLabel:process_medium` matches labels `process_medium` for process with name flexAMR:SHORT:QUALIMAP_BAMQC
Mar-31 17:10:38.132 [main] DEBUG n.script.dsl.ProcessConfigBuilder - Config settings `withName:QUALIMAP_BAMQC` matches process flexAMR:SHORT:QUALIMAP_BAMQC
Mar-31 17:10:38.133 [main] DEBUG nextflow.executor.ExecutorFactory - << taskConfig executor: null
Mar-31 17:10:38.133 [main] DEBUG nextflow.executor.ExecutorFactory - >> processorType: 'local'
Mar-31 17:10:38.134 [main] DEBUG nextflow.processor.TaskProcessor - Creating process 'flexAMR:SHORT:QUALIMAP_BAMQC': maxForks=0; fair=false; array=0
Mar-31 17:10:38.150 [main] DEBUG n.script.dsl.ProcessConfigBuilder - Config settings `withLabel:process_medium` matches labels `process_medium` for process with name flexAMR:SHORT:MULTIQC
Mar-31 17:10:38.151 [main] DEBUG n.script.dsl.ProcessConfigBuilder - Config settings `withName:MULTIQC` matches process flexAMR:SHORT:MULTIQC
Mar-31 17:10:38.151 [main] DEBUG nextflow.executor.ExecutorFactory - << taskConfig executor: null
Mar-31 17:10:38.151 [main] DEBUG nextflow.executor.ExecutorFactory - >> processorType: 'local'
Mar-31 17:10:38.152 [main] DEBUG nextflow.processor.TaskProcessor - Creating process 'flexAMR:SHORT:MULTIQC': maxForks=0; fair=false; array=0
Mar-31 17:10:38.159 [main] DEBUG n.script.dsl.ProcessConfigBuilder - Config settings `withLabel:process_low` matches labels `process_low` for process with name flexAMR:ANNOTATE:MLST
Mar-31 17:10:38.160 [main] DEBUG n.script.dsl.ProcessConfigBuilder - Config settings `withName:MLST` matches process flexAMR:ANNOTATE:MLST
Mar-31 17:10:38.161 [main] DEBUG nextflow.executor.ExecutorFactory - << taskConfig executor: null
Mar-31 17:10:38.161 [main] DEBUG nextflow.executor.ExecutorFactory - >> processorType: 'local'
Mar-31 17:10:38.161 [main] DEBUG nextflow.processor.TaskProcessor - Creating process 'flexAMR:ANNOTATE:MLST': maxForks=0; fair=false; array=0
Mar-31 17:10:38.163 [main] DEBUG n.script.dsl.ProcessConfigBuilder - Config settings `withLabel:process_low` matches labels `process_low` for process with name flexAMR:ANNOTATE:SOURMASH_SKETCH
Mar-31 17:10:38.164 [main] DEBUG n.script.dsl.ProcessConfigBuilder - Config settings `withName:SOURMASH_SKETCH` matches process flexAMR:ANNOTATE:SOURMASH_SKETCH
Mar-31 17:10:38.165 [main] DEBUG nextflow.executor.ExecutorFactory - << taskConfig executor: null
Mar-31 17:10:38.165 [main] DEBUG nextflow.executor.ExecutorFactory - >> processorType: 'local'
Mar-31 17:10:38.165 [main] DEBUG nextflow.processor.TaskProcessor - Creating process 'flexAMR:ANNOTATE:SOURMASH_SKETCH': maxForks=0; fair=false; array=0
Mar-31 17:10:38.167 [main] DEBUG n.script.dsl.ProcessConfigBuilder - Config settings `withLabel:process_low` matches labels `process_low` for process with name flexAMR:ANNOTATE:SOURMASH_GATHER
Mar-31 17:10:38.168 [main] DEBUG n.script.dsl.ProcessConfigBuilder - Config settings `withName:SOURMASH_GATHER` matches process flexAMR:ANNOTATE:SOURMASH_GATHER
Mar-31 17:10:38.169 [main] DEBUG nextflow.executor.ExecutorFactory - << taskConfig executor: null
Mar-31 17:10:38.169 [main] DEBUG nextflow.executor.ExecutorFactory - >> processorType: 'local'
Mar-31 17:10:38.169 [main] DEBUG nextflow.processor.TaskProcessor - Creating process 'flexAMR:ANNOTATE:SOURMASH_GATHER': maxForks=0; fair=false; array=0
Mar-31 17:10:38.172 [main] DEBUG n.script.dsl.ProcessConfigBuilder - Config settings `withLabel:process_medium` matches labels `process_medium` for process with name flexAMR:ANNOTATE:CHECKM_LINEAGEWF
Mar-31 17:10:38.172 [main] DEBUG n.script.dsl.ProcessConfigBuilder - Config settings `withName:CHECKM_LINEAGEWF` matches process flexAMR:ANNOTATE:CHECKM_LINEAGEWF
Mar-31 17:10:38.173 [main] DEBUG nextflow.executor.ExecutorFactory - << taskConfig executor: null
Mar-31 17:10:38.173 [main] DEBUG nextflow.executor.ExecutorFactory - >> processorType: 'local'
Mar-31 17:10:38.174 [main] DEBUG nextflow.processor.TaskProcessor - Creating process 'flexAMR:ANNOTATE:CHECKM_LINEAGEWF': maxForks=0; fair=false; array=0
Mar-31 17:10:38.178 [main] DEBUG n.script.dsl.ProcessConfigBuilder - Config settings `withLabel:process_medium` matches labels `process_medium` for process with name flexAMR:ANNOTATE:BAKTA
Mar-31 17:10:38.178 [main] DEBUG n.script.dsl.ProcessConfigBuilder - Config settings `withName:BAKTA` matches process flexAMR:ANNOTATE:BAKTA
Mar-31 17:10:38.179 [main] DEBUG nextflow.executor.ExecutorFactory - << taskConfig executor: null
Mar-31 17:10:38.179 [main] DEBUG nextflow.executor.ExecutorFactory - >> processorType: 'local'
Mar-31 17:10:38.180 [main] DEBUG nextflow.processor.TaskProcessor - Creating process 'flexAMR:ANNOTATE:BAKTA': maxForks=0; fair=false; array=0
Mar-31 17:10:38.194 [main] DEBUG nextflow.executor.ExecutorFactory - << taskConfig executor: null
Mar-31 17:10:38.194 [main] DEBUG nextflow.executor.ExecutorFactory - >> processorType: 'local'
Mar-31 17:10:38.195 [main] DEBUG nextflow.processor.TaskProcessor - Creating process 'flexAMR:ANNOTATE:PLATON': maxForks=0; fair=false; array=0
Mar-31 17:10:38.202 [main] DEBUG n.script.dsl.ProcessConfigBuilder - Config settings `withLabel:process_medium` matches labels `process_medium` for process with name flexAMR:AMR:RGI
Mar-31 17:10:38.202 [main] DEBUG n.script.dsl.ProcessConfigBuilder - Config settings `withName:RGI` matches process flexAMR:AMR:RGI
Mar-31 17:10:38.203 [main] DEBUG nextflow.executor.ExecutorFactory - << taskConfig executor: null
Mar-31 17:10:38.203 [main] DEBUG nextflow.executor.ExecutorFactory - >> processorType: 'local'
Mar-31 17:10:38.203 [main] DEBUG nextflow.processor.TaskProcessor - Creating process 'flexAMR:AMR:RGI': maxForks=0; fair=false; array=0
Mar-31 17:10:38.206 [main] DEBUG n.script.dsl.ProcessConfigBuilder - Config settings `withLabel:process_medium` matches labels `process_medium` for process with name flexAMR:AMR:BLDB_SEARCH
Mar-31 17:10:38.206 [main] DEBUG n.script.dsl.ProcessConfigBuilder - Config settings `withName:BLDB_SEARCH` matches process flexAMR:AMR:BLDB_SEARCH
Mar-31 17:10:38.207 [main] DEBUG nextflow.executor.ExecutorFactory - << taskConfig executor: null
Mar-31 17:10:38.207 [main] DEBUG nextflow.executor.ExecutorFactory - >> processorType: 'local'
Mar-31 17:10:38.207 [main] DEBUG nextflow.processor.TaskProcessor - Creating process 'flexAMR:AMR:BLDB_SEARCH': maxForks=0; fair=false; array=0
Mar-31 17:10:38.211 [main] DEBUG nextflow.executor.ExecutorFactory - << taskConfig executor: null
Mar-31 17:10:38.211 [main] DEBUG nextflow.executor.ExecutorFactory - >> processorType: 'local'
Mar-31 17:10:38.211 [main] DEBUG nextflow.processor.TaskProcessor - Creating process 'flexAMR:AMR:PLATON': maxForks=0; fair=false; array=0
Mar-31 17:10:38.222 [main] DEBUG nextflow.executor.ExecutorFactory - << taskConfig executor: null
Mar-31 17:10:38.222 [main] DEBUG nextflow.executor.ExecutorFactory - >> processorType: 'local'
Mar-31 17:10:38.222 [main] DEBUG nextflow.processor.TaskProcessor - Creating process 'flexAMR:AMR:RGI_FORMAT': maxForks=0; fair=false; array=0
Mar-31 17:10:38.231 [main] DEBUG nextflow.executor.ExecutorFactory - << taskConfig executor: null
Mar-31 17:10:38.231 [main] DEBUG nextflow.executor.ExecutorFactory - >> processorType: 'local'
Mar-31 17:10:38.232 [main] DEBUG nextflow.processor.TaskProcessor - Creating process 'flexAMR:AMR:FORMAT_RES': maxForks=0; fair=false; array=0
Mar-31 17:10:38.235 [main] DEBUG nextflow.executor.ExecutorFactory - << taskConfig executor: null
Mar-31 17:10:38.235 [main] DEBUG nextflow.executor.ExecutorFactory - >> processorType: 'local'
Mar-31 17:10:38.235 [main] DEBUG nextflow.processor.TaskProcessor - Creating process 'flexAMR:AMR:INDIVIDUAL_REPORT': maxForks=0; fair=false; array=0
Mar-31 17:10:38.238 [main] DEBUG nextflow.executor.ExecutorFactory - << taskConfig executor: null
Mar-31 17:10:38.238 [main] DEBUG nextflow.executor.ExecutorFactory - >> processorType: 'local'
Mar-31 17:10:38.238 [main] DEBUG nextflow.processor.TaskProcessor - Creating process 'flexAMR:AMR:INDIVIDUAL_DOCX_REPORT': maxForks=0; fair=false; array=0
Mar-31 17:10:38.242 [main] DEBUG nextflow.executor.ExecutorFactory - << taskConfig executor: null
Mar-31 17:10:38.242 [main] DEBUG nextflow.executor.ExecutorFactory - >> processorType: 'local'
Mar-31 17:10:38.242 [main] DEBUG nextflow.processor.TaskProcessor - Creating process 'flexAMR:MERGE_RESISTANCE': maxForks=0; fair=false; array=0
Mar-31 17:10:38.243 [main] WARN  nextflow.processor.TaskProcessor - Output `tuple` must define at least two elements -- Check process `flexAMR:MERGE_RESISTANCE`
Mar-31 17:10:38.248 [main] DEBUG nextflow.executor.ExecutorFactory - << taskConfig executor: null
Mar-31 17:10:38.248 [main] DEBUG nextflow.executor.ExecutorFactory - >> processorType: 'local'
Mar-31 17:10:38.248 [main] DEBUG nextflow.processor.TaskProcessor - Creating process 'flexAMR:REPORT_GENERATION': maxForks=0; fair=false; array=0
Mar-31 17:10:38.251 [main] DEBUG nextflow.executor.ExecutorFactory - << taskConfig executor: null
Mar-31 17:10:38.251 [main] DEBUG nextflow.executor.ExecutorFactory - >> processorType: 'local'
Mar-31 17:10:38.251 [main] DEBUG nextflow.processor.TaskProcessor - Creating process 'flexAMR:DOCX_REPORT_CREATION': maxForks=0; fair=false; array=0
Mar-31 17:10:38.256 [main] DEBUG n.script.dsl.ProcessConfigBuilder - Config settings `withName:GTDBTK_CLASSIFY` matches process flexAMR:IDENTIFICATION:GTDBTK_CLASSIFY
Mar-31 17:10:38.256 [main] DEBUG nextflow.executor.ExecutorFactory - << taskConfig executor: null
Mar-31 17:10:38.256 [main] DEBUG nextflow.executor.ExecutorFactory - >> processorType: 'local'
Mar-31 17:10:38.257 [main] DEBUG nextflow.processor.TaskProcessor - Creating process 'flexAMR:IDENTIFICATION:GTDBTK_CLASSIFY': maxForks=0; fair=false; array=0
Mar-31 17:10:38.261 [main] DEBUG nextflow.executor.ExecutorFactory - << taskConfig executor: null
Mar-31 17:10:38.261 [main] DEBUG nextflow.executor.ExecutorFactory - >> processorType: 'local'
Mar-31 17:10:38.261 [main] DEBUG nextflow.processor.TaskProcessor - Creating process 'flexAMR:IDENTIFICATION:SKANI': maxForks=0; fair=false; array=0
Mar-31 17:10:38.269 [main] DEBUG n.script.dsl.ProcessConfigBuilder - Config settings `withName:REPORT_IDENTIFICATION` matches process flexAMR:REPORT_IDENTIFICATION
Mar-31 17:10:38.269 [main] DEBUG nextflow.executor.ExecutorFactory - << taskConfig executor: null
Mar-31 17:10:38.270 [main] DEBUG nextflow.executor.ExecutorFactory - >> processorType: 'local'
Mar-31 17:10:38.270 [main] DEBUG nextflow.processor.TaskProcessor - Creating process 'flexAMR:REPORT_IDENTIFICATION': maxForks=0; fair=false; array=0
Mar-31 17:10:38.272 [main] DEBUG nextflow.Session - Workflow process names [dsl2]: DEPTH_LONG, CENTRIFUGE_LONG, BLDB_SEARCH, flexAMR:SHORT:CENTRIFUGE_KREPORT, flexAMR:ANNOTATE:SOURMASH_SKETCH, CHECKM_LINEAGEWF, FASTP, BWA, flexAMR:SHORT:QUALIMAP_BAMQC, CENTRIFUGE_CENTRIFUGE, QUALIMAP_BAMQC, ASSEMBLY_HEADER_FORMAT, flexAMR:ANNOTATE:BAKTA, flexAMR:SHORT:QUAST, BAKTA, flexAMR:ANNOTATE:PLATON, flexAMR:REPORT_GENERATION, flexAMR:SHORT:FASTQC, PLATON, DEPTH_SHORT, flexAMR:SHORT:MULTIQC, NANOSTAT, QUAST, INDIVIDUAL_REPORT, flexAMR:AMR:BLDB_SEARCH, POLYPOLISH, flexAMR:IDENTIFICATION:SKANI, flexAMR:AMR:INDIVIDUAL_DOCX_REPORT, flexAMR:AMR:INDIVIDUAL_REPORT, RGI, HOMOPOLISH, flexAMR:MERGE_RESISTANCE, NANOPLOT, SOURMASH_GATHER, FASTQC, flexAMR:IDENTIFICATION:GTDBTK_CLASSIFY, QUALIMAP_BAMQC_SHORT, CENTRIFUGE_KREPORT, MULTIQC, UNICYCLER, DRAGONFLYE, flexAMR:AMR:FORMAT_RES, flexAMR:SHORT:UNICYCLER, REPORT_IDENTIFICATION, SKANI, QUALIMAP_BAMQC_LONG, flexAMR:ANNOTATE:MLST, flexAMR:AMR:PLATON, GTDBTK_CLASSIFY, flexAMR:ANNOTATE:SOURMASH_GATHER, flexAMR:ANNOTATE:CHECKM_LINEAGEWF, flexAMR:AMR:RGI_FORMAT, MLST, MERGE_RESISTANCE, flexAMR:SHORT:FASTP, INDIVIDUAL_DOCX_REPORT, HYB_COVERAGE, SOURMASH_SKETCH, flexAMR:SHORT:ASSEMBLY_HEADER_FORMAT, FORMAT_RES, flexAMR:DOCX_REPORT_CREATION, flexAMR:REPORT_IDENTIFICATION, DOCX_REPORT_CREATION, flexAMR:AMR:RGI, flexAMR:SHORT:CENTRIFUGE_CENTRIFUGE, RGI_FORMAT, REPORT_GENERATION, DEPTH, flexAMR:SHORT:DEPTH, BANDAGE_IMAGE
Mar-31 17:10:38.283 [main] WARN  nextflow.Session - There's no process matching config selector: MASH_SCREEN
Mar-31 17:10:38.283 [main] WARN  nextflow.Session - There's no process matching config selector: CUSTOM_DUMPSOFTWAREVERSIONS
Mar-31 17:10:38.285 [main] DEBUG nextflow.Session - Igniting dataflow network (31)
Mar-31 17:10:38.298 [main] DEBUG nextflow.processor.TaskProcessor - Starting process > flexAMR:SHORT:FASTP
Mar-31 17:10:38.298 [main] DEBUG nextflow.processor.TaskProcessor - Starting process > flexAMR:SHORT:FASTQC
Mar-31 17:10:38.298 [main] DEBUG nextflow.processor.TaskProcessor - Starting process > flexAMR:SHORT:UNICYCLER
Mar-31 17:10:38.298 [main] DEBUG nextflow.processor.TaskProcessor - Starting process > flexAMR:SHORT:ASSEMBLY_HEADER_FORMAT
Mar-31 17:10:38.298 [main] DEBUG nextflow.processor.TaskProcessor - Starting process > flexAMR:SHORT:QUAST
Mar-31 17:10:38.298 [main] DEBUG nextflow.processor.TaskProcessor - Starting process > flexAMR:SHORT:CENTRIFUGE_CENTRIFUGE
Mar-31 17:10:38.298 [main] DEBUG nextflow.processor.TaskProcessor - Starting process > flexAMR:SHORT:CENTRIFUGE_KREPORT
Mar-31 17:10:38.298 [main] DEBUG nextflow.processor.TaskProcessor - Starting process > flexAMR:SHORT:DEPTH
Mar-31 17:10:38.298 [main] DEBUG nextflow.processor.TaskProcessor - Starting process > flexAMR:SHORT:QUALIMAP_BAMQC
Mar-31 17:10:38.298 [main] DEBUG nextflow.processor.TaskProcessor - Starting process > flexAMR:SHORT:MULTIQC
Mar-31 17:10:38.298 [main] DEBUG nextflow.processor.TaskProcessor - Starting process > flexAMR:ANNOTATE:MLST
Mar-31 17:10:38.298 [main] DEBUG nextflow.processor.TaskProcessor - Starting process > flexAMR:ANNOTATE:SOURMASH_SKETCH
Mar-31 17:10:38.298 [main] DEBUG nextflow.processor.TaskProcessor - Starting process > flexAMR:ANNOTATE:SOURMASH_GATHER
Mar-31 17:10:38.299 [main] DEBUG nextflow.processor.TaskProcessor - Starting process > flexAMR:ANNOTATE:CHECKM_LINEAGEWF
Mar-31 17:10:38.299 [main] DEBUG nextflow.processor.TaskProcessor - Starting process > flexAMR:ANNOTATE:BAKTA
Mar-31 17:10:38.299 [main] DEBUG nextflow.processor.TaskProcessor - Starting process > flexAMR:ANNOTATE:PLATON
Mar-31 17:10:38.299 [main] DEBUG nextflow.processor.TaskProcessor - Starting process > flexAMR:AMR:RGI
Mar-31 17:10:38.299 [main] DEBUG nextflow.processor.TaskProcessor - Starting process > flexAMR:AMR:BLDB_SEARCH
Mar-31 17:10:38.299 [main] DEBUG nextflow.processor.TaskProcessor - Starting process > flexAMR:AMR:PLATON
Mar-31 17:10:38.300 [main] DEBUG nextflow.processor.TaskProcessor - Starting process > flexAMR:AMR:RGI_FORMAT
Mar-31 17:10:38.300 [main] DEBUG nextflow.processor.TaskProcessor - Starting process > flexAMR:AMR:FORMAT_RES
Mar-31 17:10:38.300 [main] DEBUG nextflow.processor.TaskProcessor - Starting process > flexAMR:AMR:INDIVIDUAL_REPORT
Mar-31 17:10:38.300 [main] DEBUG nextflow.processor.TaskProcessor - Starting process > flexAMR:AMR:INDIVIDUAL_DOCX_REPORT
Mar-31 17:10:38.300 [main] DEBUG nextflow.processor.TaskProcessor - Starting process > flexAMR:MERGE_RESISTANCE
Mar-31 17:10:38.300 [main] DEBUG nextflow.processor.TaskProcessor - Starting process > flexAMR:REPORT_GENERATION
Mar-31 17:10:38.300 [main] DEBUG nextflow.processor.TaskProcessor - Starting process > flexAMR:DOCX_REPORT_CREATION
Mar-31 17:10:38.300 [main] DEBUG nextflow.processor.TaskProcessor - Starting process > flexAMR:IDENTIFICATION:GTDBTK_CLASSIFY
Mar-31 17:10:38.300 [main] DEBUG nextflow.processor.TaskProcessor - Starting process > flexAMR:IDENTIFICATION:SKANI
Mar-31 17:10:38.300 [main] DEBUG nextflow.processor.TaskProcessor - Starting process > flexAMR:REPORT_IDENTIFICATION
Mar-31 17:10:38.301 [main] DEBUG nextflow.script.ScriptRunner - Parsed script files:
  Script_2704e7f6fcc34468: /media/mgeramim/DATA/mgeramim_work/first_step/MASRES/modules/local/HOMOPOLISH.nf
  Script_ad65f50213b957e2: /media/mgeramim/DATA/mgeramim_work/first_step/MASRES/modules/local/NANOSTAT.nf
  Script_5e1018a711953868: /media/mgeramim/DATA/mgeramim_work/first_step/MASRES/modules/local/RGI_FORMAT.nf
  Script_ac0e00b8ca50d9e0: /media/mgeramim/DATA/mgeramim_work/first_step/MASRES/modules/nf-core/modules/qualimap/bamqc/main.nf
  Script_a636105110e50fbb: /media/mgeramim/DATA/mgeramim_work/first_step/MASRES/subworkflows/ANNOTATE.nf
  Script_1643cd40eddb2dcb: /media/mgeramim/DATA/mgeramim_work/first_step/MASRES/modules/nf-core/modules/centrifuge/centrifuge/main.nf
  Script_f56cfa5034f1ac85: /media/mgeramim/DATA/mgeramim_work/first_step/MASRES/subworkflows/ID.nf
  Script_80b8512d4ca6ca09: /media/mgeramim/DATA/mgeramim_work/first_step/MASRES/modules/nf-core/modules/fastqc/main.nf
  Script_5be8dc0d928af5c4: /media/mgeramim/DATA/mgeramim_work/first_step/MASRES/modules/local/RGI.nf
  Script_20635fdb53765005: /media/mgeramim/DATA/mgeramim_work/first_step/MASRES/subworkflows/HYBRID.nf
  Script_fd9bb3532fcf6d82: /media/mgeramim/DATA/mgeramim_work/first_step/MASRES/subworkflows/input_check.nf
  Script_1bb5743aa8c56876: /media/mgeramim/DATA/mgeramim_work/first_step/MASRES/modules/nf-core/modules/sourmash/sketch/main.nf
  Script_3aae3c9b2dfa28ca: /media/mgeramim/DATA/mgeramim_work/first_step/MASRES/modules/nf-core/modules/checkm/lineagewf/main.nf
  Script_8a556317df4842d7: /media/mgeramim/DATA/mgeramim_work/first_step/MASRES/modules/local/POLYPOLISH.nf
  Script_a59132f16c7988e6: /media/mgeramim/DATA/mgeramim_work/first_step/MASRES/modules/local/CENTRIFUGE_LONG.nf
  Script_aef60cc49a622775: /media/mgeramim/DATA/mgeramim_work/first_step/MASRES/modules/local/SOURMASH_GATHER.nf
  Script_7cfd06583aab9d54: /media/mgeramim/DATA/mgeramim_work/first_step/MASRES/modules/nf-core/modules/fastp/main.nf
  Script_bba0a53c48fb5980: /media/mgeramim/DATA/mgeramim_work/first_step/MASRES/modules/local/INDIVIDUAL_DOCX_REPORT.nf
  Script_761edab4bb9ebae7: /media/mgeramim/DATA/mgeramim_work/first_step/MASRES/modules/local/FORMAT_RES.nf
  Script_b4deb80257a56ca7: /media/mgeramim/DATA/mgeramim_work/first_step/MASRES/modules/local/BLAST_SEARCH_BLDB.nf
  Script_e500573dc3197f2e: /media/mgeramim/DATA/mgeramim_work/first_step/MASRES/modules/local/NANOPLOT.nf
  Script_305ee2cf33ad5563: /media/mgeramim/DATA/mgeramim_work/first_step/MASRES/modules/nf-core/modules/bakta/main.nf
  Script_d65f9bc7e523ad1e: /media/mgeramim/DATA/mgeramim_work/first_step/MASRES/modules/local/DOCX_REPORT_CREATION.nf
  Script_f1de0f8a12fb1187: /media/mgeramim/DATA/mgeramim_work/first_step/MASRES/modules/local/gtdbtk_classify.nf
  Script_2601e39b481314b9: /media/mgeramim/DATA/mgeramim_work/first_step/MASRES/subworkflows/AMR.nf
  Script_637d27f779c7baf2: /media/mgeramim/DATA/mgeramim_work/first_step/MASRES/subworkflows/LONG.nf
  Script_5de99e37f6c9f732: /media/mgeramim/DATA/mgeramim_work/first_step/MASRES/modules/local/ASSEMBLY_HEADER_FORMAT.nf
  Script_f0514f013e38ce87: /media/mgeramim/DATA/mgeramim_work/first_step/MASRES/main.nf
  Script_bc98a30eeac6f4d7: /media/mgeramim/DATA/mgeramim_work/first_step/MASRES/modules/nf-core/modules/multiqc/main.nf
  Script_984ac34d7a1c1f1a: /media/mgeramim/DATA/mgeramim_work/first_step/MASRES/modules/nf-core/modules/unicycler/main.nf
  Script_ad8baef23e17c7ec: /media/mgeramim/DATA/mgeramim_work/first_step/MASRES/subworkflows/SHORT.nf
  Script_fde59658c49abbd9: /media/mgeramim/DATA/mgeramim_work/first_step/MASRES/modules/nf-core/modules/centrifuge/kreport/main.nf
  Script_66fc2756dae58f6f: /media/mgeramim/DATA/mgeramim_work/first_step/MASRES/modules/local/QUAST.nf
  Script_4c78ad1ff95f3477: /media/mgeramim/DATA/mgeramim_work/first_step/MASRES/modules/local/MERGE_RESISTANCE.nf
  Script_94b1f388cfea3660: /media/mgeramim/DATA/mgeramim_work/first_step/MASRES/modules/local/HYB_COV.nf
  Script_1b69899adf8e049d: /media/mgeramim/DATA/mgeramim_work/first_step/MASRES/modules/local/DEPTH.nf
  Script_a27a2bf4e74cfca2: /media/mgeramim/DATA/mgeramim_work/first_step/MASRES/modules/local/REPORT_GENERATION.nf
  Script_390fe27efb8c286b: /media/mgeramim/DATA/mgeramim_work/first_step/MASRES/modules/local/INDIVIDUAL_REPORT.nf
  Script_d321fe7b3e5bee07: /media/mgeramim/DATA/mgeramim_work/first_step/MASRES/modules/nf-core/modules/mlst/main.nf
  Script_6d30b3a0b0e5ec5d: /media/mgeramim/DATA/mgeramim_work/first_step/MASRES/modules/local/BANDAGE_IMAGE.nf
  Script_0c2c33131a93cc7c: /media/mgeramim/DATA/mgeramim_work/first_step/MASRES/modules/local/BWA.nf
  Script_6c226826eb6326b5: /media/mgeramim/DATA/mgeramim_work/first_step/MASRES/modules/local/PLATON.nf
  Script_34410887ea46b31f: /media/mgeramim/DATA/mgeramim_work/first_step/MASRES/modules/local/REPORT_IDENTIFICATION.nf
  Script_bc96e4635a7673a2: /media/mgeramim/DATA/mgeramim_work/first_step/MASRES/modules/nf-core/modules/dragonflye/main.nf
  Script_6784ecf80e1b5a00: /media/mgeramim/DATA/mgeramim_work/first_step/MASRES/modules/local/SKANI.nf
  Script_ea14b48f7371d04a: /media/mgeramim/DATA/mgeramim_work/first_step/MASRES/workflows/flexAMR.nf
Mar-31 17:10:38.301 [main] DEBUG nextflow.script.ScriptRunner - > Awaiting termination 
Mar-31 17:10:38.301 [main] DEBUG nextflow.Session - Session await
Mar-31 17:10:38.300 [Actor Thread 13] ERROR nextflow.extension.DataflowHelper - @unknown
java.nio.file.NoSuchFileException: /media/mgeramim/DATA/mgeramim_work/first_step/MASRES/samplesheet3.csv
	at java.base/sun.nio.fs.UnixException.translateToIOException(UnixException.java:92)
	at java.base/sun.nio.fs.UnixException.rethrowAsIOException(UnixException.java:106)
	at java.base/sun.nio.fs.UnixException.rethrowAsIOException(UnixException.java:111)
	at java.base/sun.nio.fs.UnixFileSystemProvider.newByteChannel(UnixFileSystemProvider.java:262)
	at java.base/java.nio.file.Files.newByteChannel(Files.java:380)
	at java.base/java.nio.file.Files.newByteChannel(Files.java:432)
	at java.base/java.nio.file.spi.FileSystemProvider.newInputStream(FileSystemProvider.java:420)
	at java.base/java.nio.file.Files.newInputStream(Files.java:160)
	at nextflow.splitter.AbstractSplitter.newInputStream(AbstractSplitter.groovy:453)
	at nextflow.splitter.AbstractTextSplitter.newReader(AbstractTextSplitter.groovy:152)
	at nextflow.splitter.AbstractTextSplitter.normalizeSource0(AbstractTextSplitter.groovy:130)
	at nextflow.splitter.AbstractTextSplitter.normalizeSource(AbstractTextSplitter.groovy:112)
	at nextflow.splitter.AbstractTextSplitter.normalizeSource(AbstractTextSplitter.groovy)
	at nextflow.splitter.AbstractSplitter.apply(AbstractSplitter.groovy:153)
	at nextflow.extension.SplitOp$_applySplittingOperator_closure1.doCall(SplitOp.groovy:190)
	at java.base/jdk.internal.reflect.DirectMethodHandleAccessor.invoke(DirectMethodHandleAccessor.java:103)
	at java.base/java.lang.reflect.Method.invoke(Method.java:580)
	at org.codehaus.groovy.reflection.CachedMethod.invoke(CachedMethod.java:343)
	at groovy.lang.MetaMethod.doMethodInvoke(MetaMethod.java:328)
	at org.codehaus.groovy.runtime.metaclass.ClosureMetaClass.invokeMethod(ClosureMetaClass.java:280)
	at groovy.lang.MetaClassImpl.invokeMethod(MetaClassImpl.java:1007)
	at org.codehaus.groovy.vmplugin.v8.IndyInterface.fromCache(IndyInterface.java:321)
	at nextflow.extension.DataflowHelper$_subscribeImpl_closure2.doCall(DataflowHelper.groovy:287)
	at java.base/jdk.internal.reflect.DirectMethodHandleAccessor.invoke(DirectMethodHandleAccessor.java:103)
	at java.base/java.lang.reflect.Method.invoke(Method.java:580)
	at org.codehaus.groovy.reflection.CachedMethod.invoke(CachedMethod.java:343)
	at groovy.lang.MetaMethod.doMethodInvoke(MetaMethod.java:328)
	at org.codehaus.groovy.runtime.metaclass.ClosureMetaClass.invokeMethod(ClosureMetaClass.java:280)
	at groovy.lang.MetaClassImpl.invokeMethod(MetaClassImpl.java:1007)
	at groovy.lang.Closure.call(Closure.java:433)
	at groovyx.gpars.dataflow.operator.DataflowOperatorActor.startTask(DataflowOperatorActor.java:120)
	at groovyx.gpars.dataflow.operator.DataflowOperatorActor.onMessage(DataflowOperatorActor.java:108)
	at groovyx.gpars.actor.impl.SDAClosure$1.call(SDAClosure.java:43)
	at groovyx.gpars.actor.AbstractLoopingActor.runEnhancedWithoutRepliesOnMessages(AbstractLoopingActor.java:293)
	at groovyx.gpars.actor.AbstractLoopingActor.access$400(AbstractLoopingActor.java:30)
	at groovyx.gpars.actor.AbstractLoopingActor$1.handleMessage(AbstractLoopingActor.java:93)
	at groovyx.gpars.util.AsyncMessagingCore.run(AsyncMessagingCore.java:132)
	at java.base/java.util.concurrent.ThreadPoolExecutor.runWorker(ThreadPoolExecutor.java:1144)
	at java.base/java.util.concurrent.ThreadPoolExecutor$Worker.run(ThreadPoolExecutor.java:642)
	at java.base/java.lang.Thread.run(Thread.java:1575)
Mar-31 17:10:38.305 [Actor Thread 13] DEBUG nextflow.Session - Session aborted -- Cause: /media/mgeramim/DATA/mgeramim_work/first_step/MASRES/samplesheet3.csv
Mar-31 17:10:38.320 [Actor Thread 13] DEBUG nextflow.Session - The following nodes are still active:
[process] flexAMR:SHORT:FASTP
  status=ACTIVE
  port 0: (queue) OPEN  ; channel: -
  port 1: (value) bound ; channel: save_trimmed_fail
  port 2: (value) bound ; channel: save_merged
  port 3: (cntrl) -     ; channel: $

[process] flexAMR:SHORT:FASTQC
  status=ACTIVE
  port 0: (queue) OPEN  ; channel: -
  port 1: (cntrl) -     ; channel: $

[process] flexAMR:SHORT:UNICYCLER
  status=ACTIVE
  port 0: (queue) OPEN  ; channel: -
  port 1: (cntrl) -     ; channel: $

[process] flexAMR:SHORT:ASSEMBLY_HEADER_FORMAT
  status=ACTIVE
  port 0: (queue) OPEN  ; channel: -
  port 1: (cntrl) -     ; channel: $

[process] flexAMR:SHORT:QUAST
  status=ACTIVE
  port 0: (queue) OPEN  ; channel: -
  port 1: (value) bound ; channel: gff
  port 2: (value) bound ; channel: use_fasta
  port 3: (value) bound ; channel: use_gff
  port 4: (cntrl) -     ; channel: $

[process] flexAMR:SHORT:CENTRIFUGE_CENTRIFUGE
  status=ACTIVE
  port 0: (queue) OPEN  ; channel: -
  port 1: (value) bound ; channel: db
  port 2: (value) bound ; channel: save_unaligned
  port 3: (value) bound ; channel: save_aligned
  port 4: (cntrl) -     ; channel: $

[process] flexAMR:SHORT:CENTRIFUGE_KREPORT
  status=ACTIVE
  port 0: (queue) OPEN  ; channel: -
  port 1: (value) bound ; channel: db
  port 2: (cntrl) -     ; channel: $

[process] flexAMR:SHORT:DEPTH
  status=ACTIVE
  port 0: (value) bound ; channel: mode
  port 1: (queue) OPEN  ; channel: -
  port 2: (cntrl) -     ; channel: $

[process] flexAMR:SHORT:QUALIMAP_BAMQC
  status=ACTIVE
  port 0: (queue) OPEN  ; channel: -
  port 1: (value) bound ; channel: gff
  port 2: (cntrl) -     ; channel: $

[process] flexAMR:SHORT:MULTIQC
  status=ACTIVE
  port 0: (value) OPEN  ; channel: multiqc_files
  port 1: (value) bound ; channel: -
  port 2: (cntrl) -     ; channel: $

[process] flexAMR:ANNOTATE:MLST
  status=ACTIVE
  port 0: (queue) OPEN  ; channel: -
  port 1: (cntrl) -     ; channel: $

[process] flexAMR:ANNOTATE:SOURMASH_SKETCH
  status=ACTIVE
  port 0: (queue) OPEN  ; channel: -
  port 1: (cntrl) -     ; channel: $

[process] flexAMR:ANNOTATE:SOURMASH_GATHER
  status=ACTIVE
  port 0: (queue) OPEN  ; channel: -
  port 1: (value) bound ; channel: sketch_db
  port 2: (cntrl) -     ; channel: $

[process] flexAMR:ANNOTATE:CHECKM_LINEAGEWF
  status=ACTIVE
  port 0: (queue) OPEN  ; channel: -
  port 1: (value) bound ; channel: fasta_ext
  port 2: (cntrl) -     ; channel: $

[process] flexAMR:ANNOTATE:BAKTA
  status=ACTIVE
  port 0: (queue) OPEN  ; channel: -
  port 1: (value) bound ; channel: db
  port 2: (value) bound ; channel: proteins
  port 3: (value) bound ; channel: prodigal_tf
  port 4: (cntrl) -     ; channel: $

[process] flexAMR:ANNOTATE:PLATON
  status=ACTIVE
  port 0: (queue) OPEN  ; channel: -
  port 1: (value) bound ; channel: db
  port 2: (cntrl) -     ; channel: $

[process] flexAMR:AMR:RGI
  status=ACTIVE
  port 0: (queue) OPEN  ; channel: -
  port 1: (cntrl) -     ; channel: $

[process] flexAMR:AMR:BLDB_SEARCH
  status=ACTIVE
  port 0: (queue) OPEN  ; channel: -
  port 1: (value) bound ; channel: BLDB_DB
  port 2: (cntrl) -     ; channel: $

[process] flexAMR:AMR:PLATON
  status=ACTIVE
  port 0: (queue) OPEN  ; channel: -
  port 1: (value) bound ; channel: db
  port 2: (cntrl) -     ; channel: $

[process] flexAMR:AMR:RGI_FORMAT
  status=ACTIVE
  port 0: (queue) OPEN  ; channel: -
  port 1: (cntrl) -     ; channel: $

[process] flexAMR:AMR:FORMAT_RES
  status=ACTIVE
  port 0: (queue) OPEN  ; channel: -
  port 1: (value) bound ; channel: BLDB_db
  port 2: (cntrl) -     ; channel: $

[process] flexAMR:AMR:INDIVIDUAL_REPORT
  status=ACTIVE
  port 0: (queue) OPEN  ; channel: -
  port 1: (cntrl) -     ; channel: $

[process] flexAMR:AMR:INDIVIDUAL_DOCX_REPORT
  status=ACTIVE
  port 0: (queue) OPEN  ; channel: -
  port 1: (value) bound ; channel: docx_reference
  port 2: (cntrl) -     ; channel: $

[process] flexAMR:MERGE_RESISTANCE
  status=ACTIVE
  port 0: (value) OPEN  ; channel: tsv_files_merged
  port 1: (value) OPEN  ; channel: mlst_files
  port 2: (cntrl) -     ; channel: $

[process] flexAMR:REPORT_GENERATION
  status=ACTIVE
  port 0: (value) OPEN  ; channel: mlst_file
  port 1: (value) OPEN  ; channel: rgi_bldb_files
  port 2: (value) OPEN  ; channel: mash_files
  port 3: (value) OPEN  ; channel: plasmid_files
  port 4: (cntrl) -     ; channel: $

[process] flexAMR:DOCX_REPORT_CREATION
  status=ACTIVE
  port 0: (value) OPEN  ; channel: rst_report
  port 1: (value) bound ; channel: docx_reference
  port 2: (cntrl) -     ; channel: $

[process] flexAMR:IDENTIFICATION:GTDBTK_CLASSIFY
  status=ACTIVE
  port 0: (value) OPEN  ; channel: bins/*
  port 1: (cntrl) -     ; channel: $

[process] flexAMR:IDENTIFICATION:SKANI
  status=ACTIVE
  port 0: (value) OPEN  ; channel: fasta
  port 1: (value) bound ; channel: skani_db
  port 2: (cntrl) -     ; channel: $

[process] flexAMR:REPORT_IDENTIFICATION
  status=ACTIVE
  port 0: (value) OPEN  ; channel: mlst_file
  port 1: (value) OPEN  ; channel: gtdbtk_summary
  port 2: (value) OPEN  ; channel: skani
  port 3: (value) OPEN  ; channel: mash_files
  port 4: (value) OPEN  ; channel: checkm_result
  port 5: (value) OPEN  ; channel: centrifuge_files
  port 6: (cntrl) -     ; channel: $

Mar-31 17:10:38.325 [Actor Thread 13] DEBUG n.trace.WorkflowStatsObserver - Workflow completed > WorkflowStats[succeededCount=0; failedCount=0; ignoredCount=0; cachedCount=0; pendingCount=0; submittedCount=0; runningCount=0; retriesCount=0; abortedCount=0; succeedDuration=0ms; failedDuration=0ms; cachedDuration=0ms;loadCpus=0; loadMemory=0; peakRunning=0; peakCpus=0; peakMemory=0; ]
Mar-31 17:10:38.366 [Task monitor] DEBUG n.processor.TaskPollingMonitor - <<< barrier arrives (monitor: local) - terminating tasks monitor poll loop
Mar-31 17:10:38.517 [main] DEBUG nextflow.Session - Session await > all processes finished
Mar-31 17:10:38.517 [main] DEBUG nextflow.Session - Session await > all barriers passed
Mar-31 17:10:38.517 [main] DEBUG n.trace.WorkflowStatsObserver - Workflow completed > WorkflowStats[succeededCount=0; failedCount=0; ignoredCount=0; cachedCount=0; pendingCount=0; submittedCount=0; runningCount=0; retriesCount=0; abortedCount=0; succeedDuration=0ms; failedDuration=0ms; cachedDuration=0ms;loadCpus=0; loadMemory=0; peakRunning=0; peakCpus=0; peakMemory=0; ]
Mar-31 17:10:38.519 [Actor Thread 21] DEBUG nextflow.processor.TaskProcessor - Handling unexpected condition for
  task: name=flexAMR:REPORT_GENERATION; work-dir=null
  error [java.lang.InterruptedException]: java.lang.InterruptedException
Mar-31 17:10:38.531 [main] DEBUG nextflow.cache.CacheDB - Closing CacheDB done
Mar-31 17:10:38.544 [main] DEBUG nextflow.script.ScriptRunner - > Execution complete -- Goodbye
